// Jest Snapshot v1, https://goo.gl/fbAQLP

exports[`App Container should render App 1`] = `
<div>
  <Nav />
  <div
    className="ui main container"
  />
</div>
`;
