// Jest Snapshot v1, https://goo.gl/fbAQLP

exports[`Spinner Component should render Spinner 1`] = `
<div
  className="loading"
>
  Loadingâ€¦
</div>
`;
